Copyright 1986-2022 Xilinx, Inc. All Rights Reserved. Copyright 2022-2023 Advanced Micro Devices, Inc. All Rights Reserved.
---------------------------------------------------------------------------------------------------------------------------------------------
| Tool Version : Vivado v.2023.2 (lin64) Build 4029153 Fri Oct 13 20:13:54 MDT 2023
| Date         : Mon Apr  7 19:28:39 2025
| Host         : 8b565324c0fd running 64-bit Ubuntu 22.04.5 LTS
| Command      : report_control_sets -verbose -file Main_Unit_control_sets_placed.rpt
| Design       : Main_Unit
| Device       : xc7a35t
---------------------------------------------------------------------------------------------------------------------------------------------

Control Set Information

Table of Contents
-----------------
1. Summary
2. Histogram
3. Flip-Flop Distribution
4. Detailed Control Set Information

1. Summary
----------

+----------------------------------------------------------+-------+
|                          Status                          | Count |
+----------------------------------------------------------+-------+
| Total control sets                                       |    33 |
|    Minimum number of control sets                        |    33 |
|    Addition due to synthesis replication                 |     0 |
|    Addition due to physical synthesis replication        |     0 |
| Unused register locations in slices containing registers |    83 |
+----------------------------------------------------------+-------+
* Control sets can be merged at opt_design using control_set_merge or merge_equivalent_drivers
** Run report_qor_suggestions for automated merging and remapping suggestions


2. Histogram
------------

+--------------------+-------+
|       Fanout       | Count |
+--------------------+-------+
| Total control sets |    33 |
| >= 0 to < 4        |     3 |
| >= 4 to < 6        |     1 |
| >= 6 to < 8        |     1 |
| >= 8 to < 10       |    11 |
| >= 10 to < 12      |     1 |
| >= 12 to < 14      |     0 |
| >= 14 to < 16      |     2 |
| >= 16              |    14 |
+--------------------+-------+
* Control sets can be remapped at either synth_design or opt_design


3. Flip-Flop Distribution
-------------------------

+--------------+-----------------------+------------------------+-----------------+--------------+
| Clock Enable | Synchronous Set/Reset | Asynchronous Set/Reset | Total Registers | Total Slices |
+--------------+-----------------------+------------------------+-----------------+--------------+
| No           | No                    | No                     |              65 |           19 |
| No           | No                    | Yes                    |             103 |           25 |
| No           | Yes                   | No                     |             269 |           69 |
| Yes          | No                    | No                     |               0 |            0 |
| Yes          | No                    | Yes                    |              95 |           27 |
| Yes          | Yes                   | No                     |              97 |           23 |
+--------------+-----------------------+------------------------+-----------------+--------------+


4. Detailed Control Set Information
-----------------------------------

+------------------------------------------------------------+---------------------------------------------------------+---------------------------------------------------+------------------+----------------+--------------+
|                        Clock Signal                        |                      Enable Signal                      |                  Set/Reset Signal                 | Slice Load Count | Bel Load Count | Bels / Slice |
+------------------------------------------------------------+---------------------------------------------------------+---------------------------------------------------+------------------+----------------+--------------+
|  prescale_factor_int_reg[7]_i_1_n_0                        |                                                         | U00_RST/AR[0]                                     |                1 |              1 |         1.00 |
|  U04_TIME/TIMER/clk_prescaled_intern                       |                                                         | U00_RST/AR[0]                                     |                1 |              1 |         1.00 |
|  clk_IBUF_BUFG                                             | U03_GPIO/write_mode_en                                  | U00_RST/rst_ext_pack                              |                1 |              2 |         2.00 |
|  clk_IBUF_BUFG                                             |                                                         | SCHEDULE/scheduler_done[4]_i_1_n_0                |                1 |              5 |         5.00 |
|  prescale_factor_int_reg[7]_i_1_n_0                        | U04_TIME/prescale_factor_write_en                       | U00_RST/rst_ext_pack                              |                1 |              7 |         7.00 |
|  prescale_factor_int_reg[7]_i_1_n_0                        | U04_TIME/TIMER/timer_counter_non_prescaled[7]_i_1_n_0   | U00_RST/AR[0]                                     |                3 |              8 |         2.67 |
|  prescale_factor_int_reg[7]_i_1_n_0                        | U04_TIME/start_value_write_en                           | U00_RST/rst_ext_pack                              |                3 |              8 |         2.67 |
|  U04_TIME/TIMER/clk_prescaled_intern                       | U04_TIME/TIMER/is_timer_end_prescaled1                  | U00_RST/AR[0]                                     |                4 |              8 |         2.00 |
|  clk_IBUF_BUFG                                             | EN_DEMUX/E[0]                                           | U00_RST/rst_ext_pack                              |                2 |              8 |         4.00 |
|  clk_IBUF_BUFG                                             | ENCODE/uart_out[7]_i_1_n_0                              | U00_RST/rst_ext_pack                              |                1 |              8 |         8.00 |
|  clk_IBUF_BUFG                                             | DECODE/outp_en_reg[4][0]                                | U00_RST/rst_ext_pack                              |                2 |              8 |         4.00 |
|  clk_IBUF_BUFG                                             | U02_UART/UART/RECEIVER/BRDESER/frame_error_out_reg_0[0] | U02_UART/unit_data_out[7]_i_1_n_0                 |                1 |              8 |         8.00 |
|  clk_IBUF_BUFG                                             | UART_HOST/RECEIVER/DESER/data_ready_intern              | U00_RST/rst_ext_pack                              |                3 |              9 |         3.00 |
|  clk_IBUF_BUFG                                             | DECODE/E[0]                                             | U00_RST/rst_ext_pack                              |                3 |              9 |         3.00 |
|  clk_IBUF_BUFG                                             | DECODE/unit_number_data[7]_i_1_n_0                      | U00_RST/rst_ext_pack                              |                2 |              9 |         4.50 |
|  clk_IBUF_BUFG                                             | U02_UART/UART/RECEIVER/DESER/E[0]                       | U00_RST/rst_ext_pack                              |                2 |              9 |         4.50 |
|  clk_IBUF_BUFG                                             | ENCODE/unit_number_reg                                  | U00_RST/rst_ext_pack                              |                3 |             11 |         3.67 |
|  UART_HOST/TRANSMITTER/PRES/clk_prescaled_intern_reg_0     |                                                         | U00_RST/rst_ext_pack                              |                3 |             15 |         5.00 |
|  U02_UART/UART/TRANSMITTER/PRES/clk_prescaled_intern_reg_0 |                                                         | U00_RST/rst_ext_pack                              |                3 |             15 |         5.00 |
|  clk_IBUF_BUFG                                             | DECODE/access_mode[1]_i_1_n_0                           | U00_RST/rst_ext_pack                              |                3 |             16 |         5.33 |
|  last_serial_in_reg_i_1__0_n_0                             |                                                         | U02_UART/UART/RECEIVER/DESER/rst_combined         |                4 |             19 |         4.75 |
|  last_serial_in_reg_i_1_n_0                                |                                                         | UART_HOST/RECEIVER/DESER/rst_combined             |                4 |             19 |         4.75 |
|  clk_IBUF_BUFG                                             |                                                         | U00_RST/rst_ext_pack_reg_1                        |                8 |             32 |         4.00 |
|  last_serial_in_reg_i_1__0_n_0                             | U02_UART/UART/RECEIVER/DESER/counter[0]_i_1__7_n_0      | U02_UART/UART/RECEIVER/DESER/rst_combined         |                8 |             32 |         4.00 |
|  last_serial_in_reg_i_1_n_0                                | UART_HOST/RECEIVER/DESER/counter[0]_i_1__4_n_0          | UART_HOST/RECEIVER/DESER/rst_combined             |                8 |             32 |         4.00 |
|  clk_IBUF_BUFG                                             |                                                         | U02_UART/UART/RECEIVER/PRES/counter[0]_i_1__2_n_0 |                8 |             32 |         4.00 |
|  clk_IBUF_BUFG                                             |                                                         | U00_RST/rst_ext_pack_reg_0                        |                8 |             32 |         4.00 |
|  clk_IBUF_BUFG                                             |                                                         | DECODE/counter[0]_i_1__5_n_0                      |                8 |             32 |         4.00 |
|  clk_IBUF_BUFG                                             |                                                         | UART_HOST/RECEIVER/PRES/counter[0]_i_1__0_n_0     |                8 |             32 |         4.00 |
|  clk_IBUF_BUFG                                             |                                                         | U00_RST/clear                                     |                8 |             32 |         4.00 |
|  prescale_factor_int_reg[7]_i_1_n_0                        |                                                         | U00_RST/rst_ext_pack                              |                9 |             33 |         3.67 |
|  clk_IBUF_BUFG                                             |                                                         |                                                   |               19 |             65 |         3.42 |
|  clk_IBUF_BUFG                                             |                                                         | U00_RST/rst_ext_pack                              |               20 |             72 |         3.60 |
+------------------------------------------------------------+---------------------------------------------------------+---------------------------------------------------+------------------+----------------+--------------+


