Copyright 1986-2022 Xilinx, Inc. All Rights Reserved. Copyright 2022-2023 Advanced Micro Devices, Inc. All Rights Reserved.
---------------------------------------------------------------------------------------------------------------------------------------------
| Tool Version : Vivado v.2023.2 (lin64) Build 4029153 Fri Oct 13 20:13:54 MDT 2023
| Date         : Sun Mar 23 19:27:06 2025
| Host         : ebbca40b279b running 64-bit Ubuntu 22.04.5 LTS
| Command      : report_control_sets -verbose -file Main_Unit_control_sets_placed.rpt
| Design       : Main_Unit
| Device       : xc7a35t
---------------------------------------------------------------------------------------------------------------------------------------------

Control Set Information

Table of Contents
-----------------
1. Summary
2. Histogram
3. Flip-Flop Distribution
4. Detailed Control Set Information

1. Summary
----------

+----------------------------------------------------------+-------+
|                          Status                          | Count |
+----------------------------------------------------------+-------+
| Total control sets                                       |    32 |
|    Minimum number of control sets                        |    32 |
|    Addition due to synthesis replication                 |     0 |
|    Addition due to physical synthesis replication        |     0 |
| Unused register locations in slices containing registers |    78 |
+----------------------------------------------------------+-------+
* Control sets can be merged at opt_design using control_set_merge or merge_equivalent_drivers
** Run report_qor_suggestions for automated merging and remapping suggestions


2. Histogram
------------

+--------------------+-------+
|       Fanout       | Count |
+--------------------+-------+
| Total control sets |    32 |
| >= 0 to < 4        |     3 |
| >= 4 to < 6        |     0 |
| >= 6 to < 8        |     1 |
| >= 8 to < 10       |    11 |
| >= 10 to < 12      |     1 |
| >= 12 to < 14      |     0 |
| >= 14 to < 16      |     2 |
| >= 16              |    14 |
+--------------------+-------+
* Control sets can be remapped at either synth_design or opt_design


3. Flip-Flop Distribution
-------------------------

+--------------+-----------------------+------------------------+-----------------+--------------+
| Clock Enable | Synchronous Set/Reset | Asynchronous Set/Reset | Total Registers | Total Slices |
+--------------+-----------------------+------------------------+-----------------+--------------+
| No           | No                    | No                     |              52 |           15 |
| No           | No                    | Yes                    |             103 |           28 |
| No           | Yes                   | No                     |             232 |           71 |
| Yes          | No                    | No                     |               0 |            0 |
| Yes          | No                    | Yes                    |              95 |           28 |
| Yes          | Yes                   | No                     |              96 |           20 |
+--------------+-----------------------+------------------------+-----------------+--------------+


4. Detailed Control Set Information
-----------------------------------

+------------------------------------------------------------+-------------------------------------------------------+------------------------------------------------------+------------------+----------------+--------------+
|                        Clock Signal                        |                     Enable Signal                     |                   Set/Reset Signal                   | Slice Load Count | Bel Load Count | Bels / Slice |
+------------------------------------------------------------+-------------------------------------------------------+------------------------------------------------------+------------------+----------------+--------------+
|  U02_TIME/TIMER/clk_prescaled_intern                       |                                                       | U02_TIME/TIMER/timer_rst                             |                1 |              1 |         1.00 |
|  prescale_factor_int_reg[7]_i_1_n_0                        |                                                       | U02_TIME/TIMER/timer_rst                             |                1 |              1 |         1.00 |
|  clk_IBUF_BUFG                                             | U01_GPIO/E[0]                                         | rst_IBUF                                             |                1 |              2 |         2.00 |
|  prescale_factor_int_reg[7]_i_1_n_0                        | U02_TIME/prescale_factor_write_en                     | rst_IBUF                                             |                1 |              7 |         7.00 |
|  U02_TIME/TIMER/clk_prescaled_intern                       | U02_TIME/TIMER/is_timer_end_prescaled1                | U02_TIME/TIMER/timer_rst                             |                5 |              8 |         1.60 |
|  prescale_factor_int_reg[7]_i_1_n_0                        | U02_TIME/TIMER/timer_counter_non_prescaled[7]_i_1_n_0 | U02_TIME/TIMER/timer_rst                             |                4 |              8 |         2.00 |
|  prescale_factor_int_reg[7]_i_1_n_0                        | U02_TIME/start_value_write_en                         | rst_IBUF                                             |                2 |              8 |         4.00 |
|  clk_IBUF_BUFG                                             | DECODE/write_en_last_reg[0]                           | rst_IBUF                                             |                2 |              8 |         4.00 |
|  clk_IBUF_BUFG                                             | U00_UART/scheduler_wanted0                            | SCHEDULE/SR[0]                                       |                1 |              8 |         8.00 |
|  clk_IBUF_BUFG                                             | DECODE/E[0]                                           | rst_IBUF                                             |                1 |              8 |         8.00 |
|  clk_IBUF_BUFG                                             | ENCODE/uart_out[7]_i_1_n_0                            | rst_IBUF                                             |                1 |              8 |         8.00 |
|  clk_IBUF_BUFG                                             | U00_UART/UART/RECEIVER/DESER/E[0]                     | rst_IBUF                                             |                2 |              9 |         4.50 |
|  clk_IBUF_BUFG                                             | DECODE/access_mode_reg[1]_0[0]                        | rst_IBUF                                             |                2 |              9 |         4.50 |
|  clk_IBUF_BUFG                                             | UART_HOST/RECEIVER/DESER/data_ready_intern            | rst_IBUF                                             |                2 |              9 |         4.50 |
|  clk_IBUF_BUFG                                             | DECODE/unit_number_data[7]_i_1_n_0                    | rst_IBUF                                             |                3 |              9 |         3.00 |
|  clk_IBUF_BUFG                                             | ENCODE/unit_number_reg                                | rst_IBUF                                             |                2 |             10 |         5.00 |
|  U00_UART/UART/TRANSMITTER/PRES/clk_prescaled_intern_reg_0 |                                                       | rst_IBUF                                             |                4 |             15 |         3.75 |
|  UART_HOST/TRANSMITTER/PRES/clk_prescaled_intern_reg_0     |                                                       | rst_IBUF                                             |                4 |             15 |         3.75 |
|  clk_IBUF_BUFG                                             | DECODE/access_mode[1]_i_1_n_0                         | rst_IBUF                                             |                3 |             16 |         5.33 |
|  last_serial_in_reg_i_1_n_0                                |                                                       | UART_HOST/RECEIVER/DESER/rst_combined                |                4 |             19 |         4.75 |
|  last_serial_in_reg_i_1__0_n_0                             |                                                       | U00_UART/UART/RECEIVER/DESER/rst_combined            |                5 |             19 |         3.80 |
|  clk_IBUF_BUFG                                             |                                                       | U02_TIME/prescale_counter[0]_i_1_n_0                 |                8 |             32 |         4.00 |
|  clk_IBUF_BUFG                                             |                                                       | UART_HOST/RECEIVER/PRES/counter[0]_i_1__1_n_0        |                8 |             32 |         4.00 |
|  clk_IBUF_BUFG                                             |                                                       | U00_UART/UART/TRANSMITTER/PRES/counter[0]_i_1__4_n_0 |                8 |             32 |         4.00 |
|  clk_IBUF_BUFG                                             |                                                       | U00_UART/UART/RECEIVER/PRES/counter[0]_i_1__6_n_0    |                8 |             32 |         4.00 |
|  clk_IBUF_BUFG                                             |                                                       | UART_HOST/TRANSMITTER/PRES/counter[0]_i_1_n_0        |                8 |             32 |         4.00 |
|  last_serial_in_reg_i_1_n_0                                | UART_HOST/RECEIVER/DESER/counter[0]_i_1__2_n_0        | UART_HOST/RECEIVER/DESER/rst_combined                |                8 |             32 |         4.00 |
|  last_serial_in_reg_i_1__0_n_0                             | U00_UART/UART/RECEIVER/DESER/counter[0]_i_1__7_n_0    | U00_UART/UART/RECEIVER/DESER/rst_combined            |                8 |             32 |         4.00 |
|  clk_IBUF_BUFG                                             |                                                       | DECODE/counter[0]_i_1__3_n_0                         |                8 |             32 |         4.00 |
|  prescale_factor_int_reg[7]_i_1_n_0                        |                                                       | rst_IBUF                                             |                9 |             33 |         3.67 |
|  clk_IBUF_BUFG                                             |                                                       | rst_IBUF                                             |               23 |             40 |         1.74 |
|  clk_IBUF_BUFG                                             |                                                       |                                                      |               15 |             52 |         3.47 |
+------------------------------------------------------------+-------------------------------------------------------+------------------------------------------------------+------------------+----------------+--------------+


